../Core/Src/main.c:90:6:HAL_SPI_RxCpltCallback	16	static
../Core/Src/main.c:95:6:HAL_I2C_SlaveRxCpltCallback	16	static
../Core/Src/main.c:100:6:HAL_UART_RxCpltCallback	16	static
../Core/Src/main.c:104:6:udp_transmit	40	static
../Core/Src/main.c:121:6:Timeout	32	static
../Core/Src/main.c:134:6:ReleaseDMA	16	static
../Core/Src/main.c:150:5:main	112	static
../Core/Src/main.c:286:6:SystemClock_Config	88	static
../Core/Src/main.c:330:13:MX_I2C1_Init	8	static
../Core/Src/main.c:376:13:MX_I2C2_Init	8	static
../Core/Src/main.c:422:13:MX_SPI2_Init	8	static
../Core/Src/main.c:459:13:MX_SPI4_Init	8	static
../Core/Src/main.c:497:13:MX_UART4_Init	8	static
../Core/Src/main.c:530:13:MX_USART3_UART_Init	8	static
../Core/Src/main.c:563:13:MX_USART6_UART_Init	8	static
../Core/Src/main.c:594:13:MX_DMA_Init	16	static
../Core/Src/main.c:628:13:MX_GPIO_Init	56	static
../Core/Src/main.c:697:6:Error_Handler	4	static,ignoring_inline_asm
