../Core/Src/main.c:84:6:HAL_SPI_RxCpltCallback	16	static
../Core/Src/main.c:89:6:HAL_I2C_SlaveRxCpltCallback	16	static
../Core/Src/main.c:107:5:main	8	static
../Core/Src/main.c:177:6:SystemClock_Config	88	static
../Core/Src/main.c:223:13:MX_I2C1_Init	8	static
../Core/Src/main.c:271:13:MX_I2C2_Init	8	static
../Core/Src/main.c:319:13:MX_SPI2_Init	8	static
../Core/Src/main.c:356:13:MX_SPI4_Init	8	static
../Core/Src/main.c:394:13:MX_UART4_Init	8	static
../Core/Src/main.c:427:13:MX_USART3_UART_Init	8	static
../Core/Src/main.c:460:13:MX_USART6_UART_Init	8	static
../Core/Src/main.c:493:13:MX_USB_OTG_FS_PCD_Init	8	static
../Core/Src/main.c:526:13:MX_DMA_Init	16	static
../Core/Src/main.c:563:13:MX_GPIO_Init	56	static
../Core/Src/main.c:634:6:Error_Handler	4	static,ignoring_inline_asm
